   text	   data	    bss	    dec	    hex	filename
 123391	      0	   5700	 129091	  1f843	build/nnid_8_model.o
    696	      0	     92	    788	    314	build/nnid_8_example.o
    628	  16384	      0	  17012	   4274	build/gcc/startup_gcc.o
     32	      0	      4	     36	     24	debug_log.o (ex src/0264234_Nov_15_2023/lib/libtensorflow-microlite-cm4-gcc-release.a)
    296	      0	      0	    296	    128	fake_micro_context.o (ex src/0264234_Nov_15_2023/lib/libtensorflow-microlite-cm4-gcc-release.a)
    501	      0	      0	    501	    1f5	flatbuffer_utils.o (ex src/0264234_Nov_15_2023/lib/libtensorflow-microlite-cm4-gcc-release.a)
    528	      0	      0	    528	    210	memory_helpers.o (ex src/0264234_Nov_15_2023/lib/libtensorflow-microlite-cm4-gcc-release.a)
   2292	      0	      0	   2292	    8f4	micro_allocation_info.o (ex src/0264234_Nov_15_2023/lib/libtensorflow-microlite-cm4-gcc-release.a)
   4160	      0	      0	   4160	   1040	micro_allocator.o (ex src/0264234_Nov_15_2023/lib/libtensorflow-microlite-cm4-gcc-release.a)
    112	      0	      0	    112	     70	micro_context.o (ex src/0264234_Nov_15_2023/lib/libtensorflow-microlite-cm4-gcc-release.a)
   1996	      0	      0	   1996	    7cc	micro_interpreter.o (ex src/0264234_Nov_15_2023/lib/libtensorflow-microlite-cm4-gcc-release.a)
    232	      0	      0	    232	     e8	micro_interpreter_context.o (ex src/0264234_Nov_15_2023/lib/libtensorflow-microlite-cm4-gcc-release.a)
   1296	      0	      0	   1296	    510	micro_interpreter_graph.o (ex src/0264234_Nov_15_2023/lib/libtensorflow-microlite-cm4-gcc-release.a)
      0	      0	      0	      0	      0	micro_log.o (ex src/0264234_Nov_15_2023/lib/libtensorflow-microlite-cm4-gcc-release.a)
     80	      0	      0	     80	     50	micro_op_resolver.o (ex src/0264234_Nov_15_2023/lib/libtensorflow-microlite-cm4-gcc-release.a)
    228	      0	      0	    228	     e4	micro_profiler.o (ex src/0264234_Nov_15_2023/lib/libtensorflow-microlite-cm4-gcc-release.a)
    536	      0	      0	    536	    218	micro_resource_variable.o (ex src/0264234_Nov_15_2023/lib/libtensorflow-microlite-cm4-gcc-release.a)
     24	      0	      1	     25	     19	micro_time.o (ex src/0264234_Nov_15_2023/lib/libtensorflow-microlite-cm4-gcc-release.a)
    452	      0	      0	    452	    1c4	micro_utils.o (ex src/0264234_Nov_15_2023/lib/libtensorflow-microlite-cm4-gcc-release.a)
    220	      0	      0	    220	     dc	mock_micro_graph.o (ex src/0264234_Nov_15_2023/lib/libtensorflow-microlite-cm4-gcc-release.a)
   1372	      0	      0	   1372	    55c	recording_micro_allocator.o (ex src/0264234_Nov_15_2023/lib/libtensorflow-microlite-cm4-gcc-release.a)
      4	      0	      0	      4	      4	system_setup.o (ex src/0264234_Nov_15_2023/lib/libtensorflow-microlite-cm4-gcc-release.a)
    320	      0	     29	    349	    15d	test_helper_custom_ops.o (ex src/0264234_Nov_15_2023/lib/libtensorflow-microlite-cm4-gcc-release.a)
  35693	      0	   8459	  44152	   ac78	test_helpers.o (ex src/0264234_Nov_15_2023/lib/libtensorflow-microlite-cm4-gcc-release.a)
    592	      0	      0	    592	    250	non_persistent_arena_buffer_allocator.o (ex src/0264234_Nov_15_2023/lib/libtensorflow-microlite-cm4-gcc-release.a)
     88	      0	      0	     88	     58	persistent_arena_buffer_allocator.o (ex src/0264234_Nov_15_2023/lib/libtensorflow-microlite-cm4-gcc-release.a)
    600	      0	      0	    600	    258	recording_single_arena_buffer_allocator.o (ex src/0264234_Nov_15_2023/lib/libtensorflow-microlite-cm4-gcc-release.a)
    932	      0	      0	    932	    3a4	single_arena_buffer_allocator.o (ex src/0264234_Nov_15_2023/lib/libtensorflow-microlite-cm4-gcc-release.a)
   1316	      0	      0	   1316	    524	greedy_memory_planner.o (ex src/0264234_Nov_15_2023/lib/libtensorflow-microlite-cm4-gcc-release.a)
    188	      0	      0	    188	     bc	linear_memory_planner.o (ex src/0264234_Nov_15_2023/lib/libtensorflow-microlite-cm4-gcc-release.a)
    148	      0	      0	    148	     94	non_persistent_buffer_planner_shim.o (ex src/0264234_Nov_15_2023/lib/libtensorflow-microlite-cm4-gcc-release.a)
     64	      0	      0	     64	     40	flatbuffer_conversions_bridge.o (ex src/0264234_Nov_15_2023/lib/libtensorflow-microlite-cm4-gcc-release.a)
     60	      0	      8	     68	     44	micro_error_reporter.o (ex src/0264234_Nov_15_2023/lib/libtensorflow-microlite-cm4-gcc-release.a)
   2256	      0	      0	   2256	    8d0	kernel_util.o (ex src/0264234_Nov_15_2023/lib/libtensorflow-microlite-cm4-gcc-release.a)
    604	      0	      0	    604	    25c	tensor_utils.o (ex src/0264234_Nov_15_2023/lib/libtensorflow-microlite-cm4-gcc-release.a)
    296	      0	      0	    296	    128	common.o (ex src/0264234_Nov_15_2023/lib/libtensorflow-microlite-cm4-gcc-release.a)
    272	      0	      0	    272	    110	portable_tensor_utils.o (ex src/0264234_Nov_15_2023/lib/libtensorflow-microlite-cm4-gcc-release.a)
     60	      0	      0	     60	     3c	tensor_ctypes.o (ex src/0264234_Nov_15_2023/lib/libtensorflow-microlite-cm4-gcc-release.a)
  12624	      0	      0	  12624	   3150	portable_tensor_utils.o (ex src/0264234_Nov_15_2023/lib/libtensorflow-microlite-cm4-gcc-release.a)
    452	      0	      0	    452	    1c4	comparisons.o (ex src/0264234_Nov_15_2023/lib/libtensorflow-microlite-cm4-gcc-release.a)
   3036	      0	      0	   3036	    bdc	quantization_util.o (ex src/0264234_Nov_15_2023/lib/libtensorflow-microlite-cm4-gcc-release.a)
     64	      0	      0	     64	     40	error_reporter.o (ex src/0264234_Nov_15_2023/lib/libtensorflow-microlite-cm4-gcc-release.a)
     44	      0	      0	     44	     2c	tensor_utils.o (ex src/0264234_Nov_15_2023/lib/libtensorflow-microlite-cm4-gcc-release.a)
   8252	      0	      0	   8252	   203c	flatbuffer_conversions.o (ex src/0264234_Nov_15_2023/lib/libtensorflow-microlite-cm4-gcc-release.a)
    558	      0	      0	    558	    22e	common.o (ex src/0264234_Nov_15_2023/lib/libtensorflow-microlite-cm4-gcc-release.a)
     68	      0	      0	     68	     44	schema_utils.o (ex src/0264234_Nov_15_2023/lib/libtensorflow-microlite-cm4-gcc-release.a)
    392	      0	      0	    392	    188	activations.o (ex src/0264234_Nov_15_2023/lib/libtensorflow-microlite-cm4-gcc-release.a)
    804	      0	      0	    804	    324	activations_common.o (ex src/0264234_Nov_15_2023/lib/libtensorflow-microlite-cm4-gcc-release.a)
  11668	      0	      0	  11668	   2d94	add.o (ex src/0264234_Nov_15_2023/lib/libtensorflow-microlite-cm4-gcc-release.a)
    584	      0	      0	    584	    248	add_common.o (ex src/0264234_Nov_15_2023/lib/libtensorflow-microlite-cm4-gcc-release.a)
   1436	      0	      0	   1436	    59c	add_n.o (ex src/0264234_Nov_15_2023/lib/libtensorflow-microlite-cm4-gcc-release.a)
   1856	      0	      0	   1856	    740	arg_min_max.o (ex src/0264234_Nov_15_2023/lib/libtensorflow-microlite-cm4-gcc-release.a)
    264	      0	      0	    264	    108	assign_variable.o (ex src/0264234_Nov_15_2023/lib/libtensorflow-microlite-cm4-gcc-release.a)
   9500	      0	      0	   9500	   251c	batch_matmul.o (ex src/0264234_Nov_15_2023/lib/libtensorflow-microlite-cm4-gcc-release.a)
   1044	      0	      0	   1044	    414	batch_to_space_nd.o (ex src/0264234_Nov_15_2023/lib/libtensorflow-microlite-cm4-gcc-release.a)
    792	      0	      0	    792	    318	broadcast_args.o (ex src/0264234_Nov_15_2023/lib/libtensorflow-microlite-cm4-gcc-release.a)
   1432	      0	      0	   1432	    598	broadcast_to.o (ex src/0264234_Nov_15_2023/lib/libtensorflow-microlite-cm4-gcc-release.a)
    148	      0	      0	    148	     94	call_once.o (ex src/0264234_Nov_15_2023/lib/libtensorflow-microlite-cm4-gcc-release.a)
   1836	      0	      0	   1836	    72c	cast.o (ex src/0264234_Nov_15_2023/lib/libtensorflow-microlite-cm4-gcc-release.a)
    304	      0	      0	    304	    130	ceil.o (ex src/0264234_Nov_15_2023/lib/libtensorflow-microlite-cm4-gcc-release.a)
    292	      0	     32	    324	    144	circular_buffer.o (ex src/0264234_Nov_15_2023/lib/libtensorflow-microlite-cm4-gcc-release.a)
    204	      0	      4	    208	     d0	circular_buffer_common.o (ex src/0264234_Nov_15_2023/lib/libtensorflow-microlite-cm4-gcc-release.a)
  25304	      0	      0	  25304	   62d8	comparisons.o (ex src/0264234_Nov_15_2023/lib/libtensorflow-microlite-cm4-gcc-release.a)
   4100	      0	      0	   4100	   1004	concatenation.o (ex src/0264234_Nov_15_2023/lib/libtensorflow-microlite-cm4-gcc-release.a)
   4252	      0	      0	   4252	   109c	conv.o (ex src/0264234_Nov_15_2023/lib/libtensorflow-microlite-cm4-gcc-release.a)
   1088	      0	      0	   1088	    440	conv_common.o (ex src/0264234_Nov_15_2023/lib/libtensorflow-microlite-cm4-gcc-release.a)
   2212	      0	      0	   2212	    8a4	cumsum.o (ex src/0264234_Nov_15_2023/lib/libtensorflow-microlite-cm4-gcc-release.a)
   1212	      0	      0	   1212	    4bc	depth_to_space.o (ex src/0264234_Nov_15_2023/lib/libtensorflow-microlite-cm4-gcc-release.a)
   2808	      0	      0	   2808	    af8	depthwise_conv.o (ex src/0264234_Nov_15_2023/lib/libtensorflow-microlite-cm4-gcc-release.a)
   1112	      0	      0	   1112	    458	depthwise_conv_common.o (ex src/0264234_Nov_15_2023/lib/libtensorflow-microlite-cm4-gcc-release.a)
    460	      0	      0	    460	    1cc	dequantize.o (ex src/0264234_Nov_15_2023/lib/libtensorflow-microlite-cm4-gcc-release.a)
    124	      0	      0	    124	     7c	dequantize_common.o (ex src/0264234_Nov_15_2023/lib/libtensorflow-microlite-cm4-gcc-release.a)
  11632	      0	     32	  11664	   2d90	detection_postprocess.o (ex src/0264234_Nov_15_2023/lib/libtensorflow-microlite-cm4-gcc-release.a)
   6840	      0	      0	   6840	   1ab8	div.o (ex src/0264234_Nov_15_2023/lib/libtensorflow-microlite-cm4-gcc-release.a)
   3928	      0	      0	   3928	    f58	elementwise.o (ex src/0264234_Nov_15_2023/lib/libtensorflow-microlite-cm4-gcc-release.a)
    524	      0	      0	    524	    20c	elu.o (ex src/0264234_Nov_15_2023/lib/libtensorflow-microlite-cm4-gcc-release.a)
    824	      0	      0	    824	    338	embedding_lookup.o (ex src/0264234_Nov_15_2023/lib/libtensorflow-microlite-cm4-gcc-release.a)
     13	      0	      0	     13	      d	ethosu.o (ex src/0264234_Nov_15_2023/lib/libtensorflow-microlite-cm4-gcc-release.a)
    332	      0	      0	    332	    14c	exp.o (ex src/0264234_Nov_15_2023/lib/libtensorflow-microlite-cm4-gcc-release.a)
    660	      0	      0	    660	    294	expand_dims.o (ex src/0264234_Nov_15_2023/lib/libtensorflow-microlite-cm4-gcc-release.a)
    808	      0	      0	    808	    328	fill.o (ex src/0264234_Nov_15_2023/lib/libtensorflow-microlite-cm4-gcc-release.a)
    164	      0	      0	    164	     a4	floor.o (ex src/0264234_Nov_15_2023/lib/libtensorflow-microlite-cm4-gcc-release.a)
   1228	      0	      0	   1228	    4cc	floor_div.o (ex src/0264234_Nov_15_2023/lib/libtensorflow-microlite-cm4-gcc-release.a)
   1080	      0	      0	   1080	    438	floor_mod.o (ex src/0264234_Nov_15_2023/lib/libtensorflow-microlite-cm4-gcc-release.a)
   2752	      0	      0	   2752	    ac0	fully_connected.o (ex src/0264234_Nov_15_2023/lib/libtensorflow-microlite-cm4-gcc-release.a)
    232	      0	      0	    232	     e8	fully_connected_common.o (ex src/0264234_Nov_15_2023/lib/libtensorflow-microlite-cm4-gcc-release.a)
   1600	      0	      0	   1600	    640	gather.o (ex src/0264234_Nov_15_2023/lib/libtensorflow-microlite-cm4-gcc-release.a)
   1152	      0	      0	   1152	    480	gather_nd.o (ex src/0264234_Nov_15_2023/lib/libtensorflow-microlite-cm4-gcc-release.a)
    808	      0	      0	    808	    328	hard_swish.o (ex src/0264234_Nov_15_2023/lib/libtensorflow-microlite-cm4-gcc-release.a)
    264	      0	      0	    264	    108	hard_swish_common.o (ex src/0264234_Nov_15_2023/lib/libtensorflow-microlite-cm4-gcc-release.a)
    360	      0	      0	    360	    168	if.o (ex src/0264234_Nov_15_2023/lib/libtensorflow-microlite-cm4-gcc-release.a)
    468	      0	  10000	  10468	   28e4	kernel_runner.o (ex src/0264234_Nov_15_2023/lib/libtensorflow-microlite-cm4-gcc-release.a)
   1096	      0	      0	   1096	    448	kernel_util.o (ex src/0264234_Nov_15_2023/lib/libtensorflow-microlite-cm4-gcc-release.a)
   1544	      0	      0	   1544	    608	l2norm.o (ex src/0264234_Nov_15_2023/lib/libtensorflow-microlite-cm4-gcc-release.a)
   1092	      0	      0	   1092	    444	l2_pool_2d.o (ex src/0264234_Nov_15_2023/lib/libtensorflow-microlite-cm4-gcc-release.a)
    640	      0	      0	    640	    280	leaky_relu.o (ex src/0264234_Nov_15_2023/lib/libtensorflow-microlite-cm4-gcc-release.a)
    448	      0	      0	    448	    1c0	leaky_relu_common.o (ex src/0264234_Nov_15_2023/lib/libtensorflow-microlite-cm4-gcc-release.a)
     88	      0	      0	     88	     58	logical.o (ex src/0264234_Nov_15_2023/lib/libtensorflow-microlite-cm4-gcc-release.a)
    788	      0	      0	    788	    314	logical_common.o (ex src/0264234_Nov_15_2023/lib/libtensorflow-microlite-cm4-gcc-release.a)
   3008	      0	      0	   3008	    bc0	logistic.o (ex src/0264234_Nov_15_2023/lib/libtensorflow-microlite-cm4-gcc-release.a)
    736	      0	      0	    736	    2e0	logistic_common.o (ex src/0264234_Nov_15_2023/lib/libtensorflow-microlite-cm4-gcc-release.a)
   4200	      0	      0	   4200	   1068	log_softmax.o (ex src/0264234_Nov_15_2023/lib/libtensorflow-microlite-cm4-gcc-release.a)
   3164	      0	      0	   3164	    c5c	lstm_eval.o (ex src/0264234_Nov_15_2023/lib/libtensorflow-microlite-cm4-gcc-release.a)
   1908	      0	      0	   1908	    774	lstm_eval_common.o (ex src/0264234_Nov_15_2023/lib/libtensorflow-microlite-cm4-gcc-release.a)
   4728	      0	      0	   4728	   1278	maximum_minimum.o (ex src/0264234_Nov_15_2023/lib/libtensorflow-microlite-cm4-gcc-release.a)
    260	      0	      0	    260	    104	micro_tensor_utils.o (ex src/0264234_Nov_15_2023/lib/libtensorflow-microlite-cm4-gcc-release.a)
    876	      0	      0	    876	    36c	mirror_pad.o (ex src/0264234_Nov_15_2023/lib/libtensorflow-microlite-cm4-gcc-release.a)
   2996	      0	      0	   2996	    bb4	mul.o (ex src/0264234_Nov_15_2023/lib/libtensorflow-microlite-cm4-gcc-release.a)
  10544	      0	      0	  10544	   2930	mul_common.o (ex src/0264234_Nov_15_2023/lib/libtensorflow-microlite-cm4-gcc-release.a)
    172	      0	      0	    172	     ac	neg.o (ex src/0264234_Nov_15_2023/lib/libtensorflow-microlite-cm4-gcc-release.a)
   1216	      0	      0	   1216	    4c0	pack.o (ex src/0264234_Nov_15_2023/lib/libtensorflow-microlite-cm4-gcc-release.a)
   6408	      0	      0	   6408	   1908	pad.o (ex src/0264234_Nov_15_2023/lib/libtensorflow-microlite-cm4-gcc-release.a)
   1300	      0	      0	   1300	    514	pooling.o (ex src/0264234_Nov_15_2023/lib/libtensorflow-microlite-cm4-gcc-release.a)
   1460	      0	      0	   1460	    5b4	pooling_common.o (ex src/0264234_Nov_15_2023/lib/libtensorflow-microlite-cm4-gcc-release.a)
    836	      0	      0	    836	    344	prelu.o (ex src/0264234_Nov_15_2023/lib/libtensorflow-microlite-cm4-gcc-release.a)
   1256	      0	      0	   1256	    4e8	prelu_common.o (ex src/0264234_Nov_15_2023/lib/libtensorflow-microlite-cm4-gcc-release.a)
     48	      0	      0	     48	     30	quantize.o (ex src/0264234_Nov_15_2023/lib/libtensorflow-microlite-cm4-gcc-release.a)
   1876	      0	      0	   1876	    754	quantize_common.o (ex src/0264234_Nov_15_2023/lib/libtensorflow-microlite-cm4-gcc-release.a)
    128	      0	      0	    128	     80	read_variable.o (ex src/0264234_Nov_15_2023/lib/libtensorflow-microlite-cm4-gcc-release.a)
    168	      0	      0	    168	     a8	reduce.o (ex src/0264234_Nov_15_2023/lib/libtensorflow-microlite-cm4-gcc-release.a)
   5584	      0	      0	   5584	   15d0	reduce_common.o (ex src/0264234_Nov_15_2023/lib/libtensorflow-microlite-cm4-gcc-release.a)
    116	      0	      0	    116	     74	reshape.o (ex src/0264234_Nov_15_2023/lib/libtensorflow-microlite-cm4-gcc-release.a)
    272	      0	      0	    272	    110	reshape_common.o (ex src/0264234_Nov_15_2023/lib/libtensorflow-microlite-cm4-gcc-release.a)
   2292	      0	      0	   2292	    8f4	resize_bilinear.o (ex src/0264234_Nov_15_2023/lib/libtensorflow-microlite-cm4-gcc-release.a)
   2356	      0	      0	   2356	    934	resize_nearest_neighbor.o (ex src/0264234_Nov_15_2023/lib/libtensorflow-microlite-cm4-gcc-release.a)
    348	      0	      0	    348	    15c	round.o (ex src/0264234_Nov_15_2023/lib/libtensorflow-microlite-cm4-gcc-release.a)
   6332	      0	      0	   6332	   18bc	select.o (ex src/0264234_Nov_15_2023/lib/libtensorflow-microlite-cm4-gcc-release.a)
    208	      0	      0	    208	     d0	shape.o (ex src/0264234_Nov_15_2023/lib/libtensorflow-microlite-cm4-gcc-release.a)
   3036	      0	      0	   3036	    bdc	slice.o (ex src/0264234_Nov_15_2023/lib/libtensorflow-microlite-cm4-gcc-release.a)
   1052	      0	      0	   1052	    41c	softmax.o (ex src/0264234_Nov_15_2023/lib/libtensorflow-microlite-cm4-gcc-release.a)
   1100	      0	      0	   1100	    44c	softmax_common.o (ex src/0264234_Nov_15_2023/lib/libtensorflow-microlite-cm4-gcc-release.a)
   1228	      0	      0	   1228	    4cc	space_to_batch_nd.o (ex src/0264234_Nov_15_2023/lib/libtensorflow-microlite-cm4-gcc-release.a)
   1204	      0	      0	   1204	    4b4	space_to_depth.o (ex src/0264234_Nov_15_2023/lib/libtensorflow-microlite-cm4-gcc-release.a)
   1544	      0	      0	   1544	    608	split.o (ex src/0264234_Nov_15_2023/lib/libtensorflow-microlite-cm4-gcc-release.a)
   1712	      0	      0	   1712	    6b0	split_v.o (ex src/0264234_Nov_15_2023/lib/libtensorflow-microlite-cm4-gcc-release.a)
   6864	      0	      0	   6864	   1ad0	squared_difference.o (ex src/0264234_Nov_15_2023/lib/libtensorflow-microlite-cm4-gcc-release.a)
    656	      0	      0	    656	    290	squeeze.o (ex src/0264234_Nov_15_2023/lib/libtensorflow-microlite-cm4-gcc-release.a)
  10000	      0	      0	  10000	   2710	strided_slice.o (ex src/0264234_Nov_15_2023/lib/libtensorflow-microlite-cm4-gcc-release.a)
   1208	      0	      0	   1208	    4b8	strided_slice_common.o (ex src/0264234_Nov_15_2023/lib/libtensorflow-microlite-cm4-gcc-release.a)
  21096	      0	      0	  21096	   5268	sub.o (ex src/0264234_Nov_15_2023/lib/libtensorflow-microlite-cm4-gcc-release.a)
    412	      0	      0	    412	    19c	sub_common.o (ex src/0264234_Nov_15_2023/lib/libtensorflow-microlite-cm4-gcc-release.a)
   1968	      0	      0	   1968	    7b0	svdf.o (ex src/0264234_Nov_15_2023/lib/libtensorflow-microlite-cm4-gcc-release.a)
   3088	      0	      0	   3088	    c10	svdf_common.o (ex src/0264234_Nov_15_2023/lib/libtensorflow-microlite-cm4-gcc-release.a)
   3428	      0	      0	   3428	    d64	tanh.o (ex src/0264234_Nov_15_2023/lib/libtensorflow-microlite-cm4-gcc-release.a)
   3452	      0	      0	   3452	    d7c	transpose.o (ex src/0264234_Nov_15_2023/lib/libtensorflow-microlite-cm4-gcc-release.a)
   5232	      0	      0	   5232	   1470	transpose_conv.o (ex src/0264234_Nov_15_2023/lib/libtensorflow-microlite-cm4-gcc-release.a)
   4744	      0	      0	   4744	   1288	unidirectional_sequence_lstm.o (ex src/0264234_Nov_15_2023/lib/libtensorflow-microlite-cm4-gcc-release.a)
    988	      0	      0	    988	    3dc	unpack.o (ex src/0264234_Nov_15_2023/lib/libtensorflow-microlite-cm4-gcc-release.a)
    132	      0	      0	    132	     84	var_handle.o (ex src/0264234_Nov_15_2023/lib/libtensorflow-microlite-cm4-gcc-release.a)
    404	      0	      0	    404	    194	while.o (ex src/0264234_Nov_15_2023/lib/libtensorflow-microlite-cm4-gcc-release.a)
    368	      0	      0	    368	    170	zeros_like.o (ex src/0264234_Nov_15_2023/lib/libtensorflow-microlite-cm4-gcc-release.a)
  10004	      0	      0	  10004	   2714	kiss_fft_float.o (ex src/0264234_Nov_15_2023/lib/libtensorflow-microlite-cm4-gcc-release.a)
  12676	      0	      0	  12676	   3184	kiss_fft_int16.o (ex src/0264234_Nov_15_2023/lib/libtensorflow-microlite-cm4-gcc-release.a)
  16988	      0	      0	  16988	   425c	kiss_fft_int32.o (ex src/0264234_Nov_15_2023/lib/libtensorflow-microlite-cm4-gcc-release.a)
    552	      0	     32	    584	    248	delay.o (ex src/0264234_Nov_15_2023/lib/libtensorflow-microlite-cm4-gcc-release.a)
    288	      0	     32	    320	    140	energy.o (ex src/0264234_Nov_15_2023/lib/libtensorflow-microlite-cm4-gcc-release.a)
    116	      0	     32	    148	     94	fft_auto_scale_kernel.o (ex src/0264234_Nov_15_2023/lib/libtensorflow-microlite-cm4-gcc-release.a)
    172	      0	      0	    172	     ac	fft_auto_scale_common.o (ex src/0264234_Nov_15_2023/lib/libtensorflow-microlite-cm4-gcc-release.a)
    616	      0	     32	    648	    288	filter_bank.o (ex src/0264234_Nov_15_2023/lib/libtensorflow-microlite-cm4-gcc-release.a)
    296	      0	     32	    328	    148	filter_bank_log.o (ex src/0264234_Nov_15_2023/lib/libtensorflow-microlite-cm4-gcc-release.a)
    120	      0	     32	    152	     98	filter_bank_square_root.o (ex src/0264234_Nov_15_2023/lib/libtensorflow-microlite-cm4-gcc-release.a)
    152	      0	      0	    152	     98	filter_bank_square_root_common.o (ex src/0264234_Nov_15_2023/lib/libtensorflow-microlite-cm4-gcc-release.a)
    528	      0	     32	    560	    230	filter_bank_spectral_subtraction.o (ex src/0264234_Nov_15_2023/lib/libtensorflow-microlite-cm4-gcc-release.a)
    876	      0	     32	    908	    38c	framer.o (ex src/0264234_Nov_15_2023/lib/libtensorflow-microlite-cm4-gcc-release.a)
   3110	      0	    128	   3238	    ca6	irfft.o (ex src/0264234_Nov_15_2023/lib/libtensorflow-microlite-cm4-gcc-release.a)
   2950	      0	    128	   3078	    c06	rfft.o (ex src/0264234_Nov_15_2023/lib/libtensorflow-microlite-cm4-gcc-release.a)
    532	      0	     32	    564	    234	stacker.o (ex src/0264234_Nov_15_2023/lib/libtensorflow-microlite-cm4-gcc-release.a)
   2790	      0	     96	   2886	    b46	overlap_add.o (ex src/0264234_Nov_15_2023/lib/libtensorflow-microlite-cm4-gcc-release.a)
    452	      0	     32	    484	    1e4	pcan.o (ex src/0264234_Nov_15_2023/lib/libtensorflow-microlite-cm4-gcc-release.a)
    424	      0	     32	    456	    1c8	window.o (ex src/0264234_Nov_15_2023/lib/libtensorflow-microlite-cm4-gcc-release.a)
   1228	      0	      0	   1228	    4cc	circular_buffer.o (ex src/0264234_Nov_15_2023/lib/libtensorflow-microlite-cm4-gcc-release.a)
     48	      0	      0	     48	     30	energy.o (ex src/0264234_Nov_15_2023/lib/libtensorflow-microlite-cm4-gcc-release.a)
     56	      0	      0	     56	     38	fft_auto_scale.o (ex src/0264234_Nov_15_2023/lib/libtensorflow-microlite-cm4-gcc-release.a)
    200	      0	      0	    200	     c8	filter_bank.o (ex src/0264234_Nov_15_2023/lib/libtensorflow-microlite-cm4-gcc-release.a)
     76	      0	      0	     76	     4c	filter_bank_log.o (ex src/0264234_Nov_15_2023/lib/libtensorflow-microlite-cm4-gcc-release.a)
     44	      0	      0	     44	     2c	filter_bank_square_root.o (ex src/0264234_Nov_15_2023/lib/libtensorflow-microlite-cm4-gcc-release.a)
    316	      0	      0	    316	    13c	filter_bank_spectral_subtraction.o (ex src/0264234_Nov_15_2023/lib/libtensorflow-microlite-cm4-gcc-release.a)
    112	      0	      0	    112	     70	irfft_float.o (ex src/0264234_Nov_15_2023/lib/libtensorflow-microlite-cm4-gcc-release.a)
     52	      0	      0	     52	     34	irfft_int16.o (ex src/0264234_Nov_15_2023/lib/libtensorflow-microlite-cm4-gcc-release.a)
     52	      0	      0	     52	     34	irfft_int32.o (ex src/0264234_Nov_15_2023/lib/libtensorflow-microlite-cm4-gcc-release.a)
    372	      0	      0	    372	    174	log.o (ex src/0264234_Nov_15_2023/lib/libtensorflow-microlite-cm4-gcc-release.a)
     48	      0	      0	     48	     30	max_abs.o (ex src/0264234_Nov_15_2023/lib/libtensorflow-microlite-cm4-gcc-release.a)
     16	      0	      0	     16	     10	msb_32.o (ex src/0264234_Nov_15_2023/lib/libtensorflow-microlite-cm4-gcc-release.a)
     36	      0	      0	     36	     24	msb_64.o (ex src/0264234_Nov_15_2023/lib/libtensorflow-microlite-cm4-gcc-release.a)
    196	      0	      0	    196	     c4	overlap_add.o (ex src/0264234_Nov_15_2023/lib/libtensorflow-microlite-cm4-gcc-release.a)
    332	      0	      0	    332	    14c	pcan_argc_fixed.o (ex src/0264234_Nov_15_2023/lib/libtensorflow-microlite-cm4-gcc-release.a)
     52	      0	      0	     52	     34	rfft_float.o (ex src/0264234_Nov_15_2023/lib/libtensorflow-microlite-cm4-gcc-release.a)
     52	      0	      0	     52	     34	rfft_int16.o (ex src/0264234_Nov_15_2023/lib/libtensorflow-microlite-cm4-gcc-release.a)
     52	      0	      0	     52	     34	rfft_int32.o (ex src/0264234_Nov_15_2023/lib/libtensorflow-microlite-cm4-gcc-release.a)
     92	      0	      0	     92	     5c	square_root_32.o (ex src/0264234_Nov_15_2023/lib/libtensorflow-microlite-cm4-gcc-release.a)
    176	      0	      0	    176	     b0	square_root_64.o (ex src/0264234_Nov_15_2023/lib/libtensorflow-microlite-cm4-gcc-release.a)
     80	      0	      0	     80	     50	window.o (ex src/0264234_Nov_15_2023/lib/libtensorflow-microlite-cm4-gcc-release.a)
    520	      0	      0	    520	    208	arm_avgpool_s8.o (ex src/0264234_Nov_15_2023/lib/libtensorflow-microlite-cm4-gcc-release.a)
     12	      0	      0	     12	      c	arm_avgpool_get_buffer_sizes_s8.o (ex src/0264234_Nov_15_2023/lib/libtensorflow-microlite-cm4-gcc-release.a)
    656	      0	      0	    656	    290	arm_max_pool_s16.o (ex src/0264234_Nov_15_2023/lib/libtensorflow-microlite-cm4-gcc-release.a)
    512	      0	      0	    512	    200	arm_avgpool_s16.o (ex src/0264234_Nov_15_2023/lib/libtensorflow-microlite-cm4-gcc-release.a)
     12	      0	      0	     12	      c	arm_avgpool_get_buffer_sizes_s16.o (ex src/0264234_Nov_15_2023/lib/libtensorflow-microlite-cm4-gcc-release.a)
    820	      0	      0	    820	    334	arm_max_pool_s8.o (ex src/0264234_Nov_15_2023/lib/libtensorflow-microlite-cm4-gcc-release.a)
      8	      0	      0	      8	      8	arm_nn_depthwise_conv_nt_t_s8.o (ex src/0264234_Nov_15_2023/lib/libtensorflow-microlite-cm4-gcc-release.a)
   1156	      0	      0	   1156	    484	arm_nn_vec_mat_mult_t_svdf_s8.o (ex src/0264234_Nov_15_2023/lib/libtensorflow-microlite-cm4-gcc-release.a)
      8	      0	      0	      8	      8	arm_nn_mat_mul_core_1x_s8.o (ex src/0264234_Nov_15_2023/lib/libtensorflow-microlite-cm4-gcc-release.a)
   1912	      0	      0	   1912	    778	arm_nn_vec_mat_mult_t_s8.o (ex src/0264234_Nov_15_2023/lib/libtensorflow-microlite-cm4-gcc-release.a)
      8	      0	      0	      8	      8	arm_nn_depthwise_conv_nt_t_padded_s8.o (ex src/0264234_Nov_15_2023/lib/libtensorflow-microlite-cm4-gcc-release.a)
    160	      0	      0	    160	     a0	arm_nn_lstm_calculate_gate_s8_s16.o (ex src/0264234_Nov_15_2023/lib/libtensorflow-microlite-cm4-gcc-release.a)
    808	      0	      0	    808	    328	arm_nn_mat_mult_nt_t_s8_s32.o (ex src/0264234_Nov_15_2023/lib/libtensorflow-microlite-cm4-gcc-release.a)
    512	      0	      0	    512	    200	arm_nntables.o (ex src/0264234_Nov_15_2023/lib/libtensorflow-microlite-cm4-gcc-release.a)
      4	      0	      0	      4	      4	arm_nn_mat_mul_core_4x_s8.o (ex src/0264234_Nov_15_2023/lib/libtensorflow-microlite-cm4-gcc-release.a)
   2504	      0	      0	   2504	    9c8	arm_nn_mat_mult_nt_t_s8.o (ex src/0264234_Nov_15_2023/lib/libtensorflow-microlite-cm4-gcc-release.a)
     96	      0	      0	     96	     60	arm_nn_lstm_update_output_s8_s16.o (ex src/0264234_Nov_15_2023/lib/libtensorflow-microlite-cm4-gcc-release.a)
    492	      0	      0	    492	    1ec	arm_nn_lstm_update_cell_state_s16.o (ex src/0264234_Nov_15_2023/lib/libtensorflow-microlite-cm4-gcc-release.a)
    392	      0	      0	    392	    188	arm_nn_lstm_step_s8_s16.o (ex src/0264234_Nov_15_2023/lib/libtensorflow-microlite-cm4-gcc-release.a)
    780	      0	      0	    780	    30c	arm_nn_vec_mat_mult_t_s16.o (ex src/0264234_Nov_15_2023/lib/libtensorflow-microlite-cm4-gcc-release.a)
      4	      0	      0	      4	      4	arm_nn_depthwise_conv_nt_t_s16.o (ex src/0264234_Nov_15_2023/lib/libtensorflow-microlite-cm4-gcc-release.a)
   1832	      0	      0	   1832	    728	arm_nn_mat_mul_kernel_s16.o (ex src/0264234_Nov_15_2023/lib/libtensorflow-microlite-cm4-gcc-release.a)
    128	      0	      0	    128	     80	arm_q7_to_q15_with_offset.o (ex src/0264234_Nov_15_2023/lib/libtensorflow-microlite-cm4-gcc-release.a)
   1748	      0	      0	   1748	    6d4	arm_nn_vec_mat_mult_t_s4.o (ex src/0264234_Nov_15_2023/lib/libtensorflow-microlite-cm4-gcc-release.a)
    112	      0	      0	    112	     70	arm_s8_to_s16_unordered_with_offset.o (ex src/0264234_Nov_15_2023/lib/libtensorflow-microlite-cm4-gcc-release.a)
    848	      0	      0	    848	    350	arm_nn_vec_mat_mul_result_acc_s8.o (ex src/0264234_Nov_15_2023/lib/libtensorflow-microlite-cm4-gcc-release.a)
   7772	      0	      0	   7772	   1e5c	arm_nn_mat_mult_nt_t_s4.o (ex src/0264234_Nov_15_2023/lib/libtensorflow-microlite-cm4-gcc-release.a)
     16	      0	      0	     16	     10	arm_fully_connected_get_buffer_sizes_s8.o (ex src/0264234_Nov_15_2023/lib/libtensorflow-microlite-cm4-gcc-release.a)
    116	      0	      0	    116	     74	arm_fully_connected_s8.o (ex src/0264234_Nov_15_2023/lib/libtensorflow-microlite-cm4-gcc-release.a)
    128	      0	      0	    128	     80	arm_fully_connected_s16.o (ex src/0264234_Nov_15_2023/lib/libtensorflow-microlite-cm4-gcc-release.a)
     12	      0	      0	     12	      c	arm_fully_connected_get_buffer_sizes_s16.o (ex src/0264234_Nov_15_2023/lib/libtensorflow-microlite-cm4-gcc-release.a)
      8	      0	      0	      8	      8	arm_vector_sum_s8.o (ex src/0264234_Nov_15_2023/lib/libtensorflow-microlite-cm4-gcc-release.a)
    112	      0	      0	    112	     70	arm_fully_connected_s4.o (ex src/0264234_Nov_15_2023/lib/libtensorflow-microlite-cm4-gcc-release.a)
     60	      0	      0	     60	     3c	arm_concatenation_s8_x.o (ex src/0264234_Nov_15_2023/lib/libtensorflow-microlite-cm4-gcc-release.a)
     36	      0	      0	     36	     24	arm_concatenation_s8_w.o (ex src/0264234_Nov_15_2023/lib/libtensorflow-microlite-cm4-gcc-release.a)
     68	      0	      0	     68	     44	arm_concatenation_s8_y.o (ex src/0264234_Nov_15_2023/lib/libtensorflow-microlite-cm4-gcc-release.a)
     68	      0	      0	     68	     44	arm_concatenation_s8_z.o (ex src/0264234_Nov_15_2023/lib/libtensorflow-microlite-cm4-gcc-release.a)
   2668	      0	      0	   2668	    a6c	arm_softmax_u8.o (ex src/0264234_Nov_15_2023/lib/libtensorflow-microlite-cm4-gcc-release.a)
   4040	      0	      0	   4040	    fc8	arm_nn_softmax_common_s8.o (ex src/0264234_Nov_15_2023/lib/libtensorflow-microlite-cm4-gcc-release.a)
     28	      0	      0	     28	     1c	arm_softmax_s8.o (ex src/0264234_Nov_15_2023/lib/libtensorflow-microlite-cm4-gcc-release.a)
    632	      0	      0	    632	    278	arm_softmax_s16.o (ex src/0264234_Nov_15_2023/lib/libtensorflow-microlite-cm4-gcc-release.a)
     28	      0	      0	     28	     1c	arm_softmax_s8_s16.o (ex src/0264234_Nov_15_2023/lib/libtensorflow-microlite-cm4-gcc-release.a)
     16	      0	      0	     16	     10	arm_svdf_get_buffer_sizes_s8.o (ex src/0264234_Nov_15_2023/lib/libtensorflow-microlite-cm4-gcc-release.a)
    964	      0	      0	    964	    3c4	arm_svdf_state_s16_s8.o (ex src/0264234_Nov_15_2023/lib/libtensorflow-microlite-cm4-gcc-release.a)
   1020	      0	      0	   1020	    3fc	arm_svdf_s8.o (ex src/0264234_Nov_15_2023/lib/libtensorflow-microlite-cm4-gcc-release.a)
     68	      0	      0	     68	     44	arm_relu_q15.o (ex src/0264234_Nov_15_2023/lib/libtensorflow-microlite-cm4-gcc-release.a)
    244	      0	      0	    244	     f4	arm_nn_activation_s16.o (ex src/0264234_Nov_15_2023/lib/libtensorflow-microlite-cm4-gcc-release.a)
     28	      0	      0	     28	     1c	arm_relu6_s8.o (ex src/0264234_Nov_15_2023/lib/libtensorflow-microlite-cm4-gcc-release.a)
    112	      0	      0	    112	     70	arm_relu_q7.o (ex src/0264234_Nov_15_2023/lib/libtensorflow-microlite-cm4-gcc-release.a)
    500	      0	      0	    500	    1f4	arm_elementwise_mul_s16.o (ex src/0264234_Nov_15_2023/lib/libtensorflow-microlite-cm4-gcc-release.a)
   2232	      0	      0	   2232	    8b8	arm_elementwise_add_s8.o (ex src/0264234_Nov_15_2023/lib/libtensorflow-microlite-cm4-gcc-release.a)
    780	      0	      0	    780	    30c	arm_elementwise_mul_s16_s8.o (ex src/0264234_Nov_15_2023/lib/libtensorflow-microlite-cm4-gcc-release.a)
   1024	      0	      0	   1024	    400	arm_elementwise_mul_s8.o (ex src/0264234_Nov_15_2023/lib/libtensorflow-microlite-cm4-gcc-release.a)
   1012	      0	      0	   1012	    3f4	arm_elementwise_add_s16.o (ex src/0264234_Nov_15_2023/lib/libtensorflow-microlite-cm4-gcc-release.a)
    452	      0	      0	    452	    1c4	arm_lstm_unidirectional_s8_s16.o (ex src/0264234_Nov_15_2023/lib/libtensorflow-microlite-cm4-gcc-release.a)
    136	      0	      0	    136	     88	arm_depthwise_conv_get_buffer_sizes_s4.o (ex src/0264234_Nov_15_2023/lib/libtensorflow-microlite-cm4-gcc-release.a)
   2336	      0	      0	   2336	    920	arm_nn_mat_mult_kernel_s4_s16.o (ex src/0264234_Nov_15_2023/lib/libtensorflow-microlite-cm4-gcc-release.a)
    100	      0	      0	    100	     64	arm_depthwise_conv_wrapper_s4.o (ex src/0264234_Nov_15_2023/lib/libtensorflow-microlite-cm4-gcc-release.a)
    176	      0	      0	    176	     b0	arm_depthwise_conv_get_buffer_sizes_s16.o (ex src/0264234_Nov_15_2023/lib/libtensorflow-microlite-cm4-gcc-release.a)
    944	      0	      0	    944	    3b0	arm_depthwise_conv_s16.o (ex src/0264234_Nov_15_2023/lib/libtensorflow-microlite-cm4-gcc-release.a)
     96	      0	      0	     96	     60	arm_transpose_conv_get_buffer_sizes_s8.o (ex src/0264234_Nov_15_2023/lib/libtensorflow-microlite-cm4-gcc-release.a)
    812	      0	      0	    812	    32c	arm_convolve_s16.o (ex src/0264234_Nov_15_2023/lib/libtensorflow-microlite-cm4-gcc-release.a)
   1156	      0	      0	   1156	    484	arm_depthwise_conv_s4.o (ex src/0264234_Nov_15_2023/lib/libtensorflow-microlite-cm4-gcc-release.a)
   2832	      0	      0	   2832	    b10	arm_depthwise_conv_s4_opt.o (ex src/0264234_Nov_15_2023/lib/libtensorflow-microlite-cm4-gcc-release.a)
    124	      0	      0	    124	     7c	arm_convolve_1x1_s4_fast.o (ex src/0264234_Nov_15_2023/lib/libtensorflow-microlite-cm4-gcc-release.a)
    124	      0	      0	    124	     7c	arm_convolve_1x1_s8_fast.o (ex src/0264234_Nov_15_2023/lib/libtensorflow-microlite-cm4-gcc-release.a)
   1036	      0	      0	   1036	    40c	arm_convolve_s4.o (ex src/0264234_Nov_15_2023/lib/libtensorflow-microlite-cm4-gcc-release.a)
    244	      0	      0	    244	     f4	arm_convolve_1x1_s4.o (ex src/0264234_Nov_15_2023/lib/libtensorflow-microlite-cm4-gcc-release.a)
    112	      0	      0	    112	     70	arm_convolve_wrapper_s16.o (ex src/0264234_Nov_15_2023/lib/libtensorflow-microlite-cm4-gcc-release.a)
   2992	      0	      0	   2992	    bb0	arm_depthwise_conv_3x3_s8.o (ex src/0264234_Nov_15_2023/lib/libtensorflow-microlite-cm4-gcc-release.a)
    500	      0	      0	    500	    1f4	arm_convolve_get_buffer_sizes_s8.o (ex src/0264234_Nov_15_2023/lib/libtensorflow-microlite-cm4-gcc-release.a)
    152	      0	      0	    152	     98	arm_convolve_wrapper_s4.o (ex src/0264234_Nov_15_2023/lib/libtensorflow-microlite-cm4-gcc-release.a)
      4	      0	      0	      4	      4	arm_nn_mat_mult_s8.o (ex src/0264234_Nov_15_2023/lib/libtensorflow-microlite-cm4-gcc-release.a)
    156	      0	      0	    156	     9c	arm_depthwise_conv_wrapper_s8.o (ex src/0264234_Nov_15_2023/lib/libtensorflow-microlite-cm4-gcc-release.a)
    244	      0	      0	    244	     f4	arm_depthwise_conv_get_buffer_sizes_s8.o (ex src/0264234_Nov_15_2023/lib/libtensorflow-microlite-cm4-gcc-release.a)
      4	      0	      0	      4	      4	arm_nn_depthwise_conv_s8_core.o (ex src/0264234_Nov_15_2023/lib/libtensorflow-microlite-cm4-gcc-release.a)
    120	      0	      0	    120	     78	arm_convolve_1_x_n_s8.o (ex src/0264234_Nov_15_2023/lib/libtensorflow-microlite-cm4-gcc-release.a)
   1604	      0	      0	   1604	    644	arm_depthwise_conv_s8_opt.o (ex src/0264234_Nov_15_2023/lib/libtensorflow-microlite-cm4-gcc-release.a)
   1088	      0	      0	   1088	    440	arm_convolve_fast_s16.o (ex src/0264234_Nov_15_2023/lib/libtensorflow-microlite-cm4-gcc-release.a)
   1900	      0	      0	   1900	    76c	arm_depthwise_conv_fast_s16.o (ex src/0264234_Nov_15_2023/lib/libtensorflow-microlite-cm4-gcc-release.a)
    920	      0	      0	    920	    398	arm_transpose_conv_s8.o (ex src/0264234_Nov_15_2023/lib/libtensorflow-microlite-cm4-gcc-release.a)
    244	      0	      0	    244	     f4	arm_convolve_1x1_s8.o (ex src/0264234_Nov_15_2023/lib/libtensorflow-microlite-cm4-gcc-release.a)
    204	      0	      0	    204	     cc	arm_convolve_get_buffer_sizes_s16.o (ex src/0264234_Nov_15_2023/lib/libtensorflow-microlite-cm4-gcc-release.a)
   1080	      0	      0	   1080	    438	arm_convolve_s8.o (ex src/0264234_Nov_15_2023/lib/libtensorflow-microlite-cm4-gcc-release.a)
   1848	      0	      0	   1848	    738	arm_depthwise_conv_s8.o (ex src/0264234_Nov_15_2023/lib/libtensorflow-microlite-cm4-gcc-release.a)
    232	      0	      0	    232	     e8	arm_convolve_wrapper_s8.o (ex src/0264234_Nov_15_2023/lib/libtensorflow-microlite-cm4-gcc-release.a)
    108	      0	      0	    108	     6c	arm_depthwise_conv_wrapper_s16.o (ex src/0264234_Nov_15_2023/lib/libtensorflow-microlite-cm4-gcc-release.a)
    216	      0	      0	    216	     d8	arm_convolve_get_buffer_sizes_s4.o (ex src/0264234_Nov_15_2023/lib/libtensorflow-microlite-cm4-gcc-release.a)
   1284	      0	      0	   1284	    504	arm_nn_mat_mult_kernel_s8_s16.o (ex src/0264234_Nov_15_2023/lib/libtensorflow-microlite-cm4-gcc-release.a)
     12	      0	      0	     12	      c	arm_reshape_s8.o (ex src/0264234_Nov_15_2023/lib/libtensorflow-microlite-cm4-gcc-release.a)
 294192	   2484	  22300	 318976	  4de00	build/nnid_8_example.axf
